Worksheets: [ 'C-K-L', 'Sayfa1' ]
Sheet "C-K-L" has 2 images.
node : C:\Users\tasar\
.gemini\antigravity\sc
ratch\erp_system\serve
r\src\checkFullImages.
js:13
At line:1 char:1
+ node src/checkFullIm
ages.js "D:\Downloads\
GÖRSELLER.xlsx" > erro
r_log ...
+ ~~~~~~~~~~~~~~~~~~~~
~~~~~~~~~~~~~~~~~~~~~~
~~~~~~~~~~~~~~~~~~~~~~
~~~~~
    + CategoryInfo    
          : NotSpeci  
  fied: (C:\Users\t   
 asar\...ullImages    
.js:13:String) []    ,
 RemoteException
    + FullyQualifiedE 
   rrorId : NativeCo  
  mmandError
 
            console.lo
g('Sample image:', JSO
N.stringify(images[0],
 null, 2));
                      
                      
  ^

TypeError: Converting 
circular structure to 
JSON
    --> starting at ob
ject with constructor 
'Worksheet'
    |     property '_w
orkbook' -> object wit
h constructor 'Workboo
k'
    |     property '_w
orksheets' -> object w
ith constructor 'Array
'
    --- index 1 closes
 the circle
    at JSON.stringify 
(<anonymous>)
    at C:\Users\tasar\
.gemini\antigravity\sc
ratch\erp_system\serve
r\src\checkFullImages.
js:13:47
    at Array.forEach (
<anonymous>)
    at checkImages (C:
\Users\tasar\.gemini\a
ntigravity\scratch\erp
_system\server\src\che
ckFullImages.js:9:25)

Node.js v24.13.0
